// Jest Snapshot v1, https://jestjs.io/docs/snapshot-testing

exports[`Character count when it includes a hint renders with hint 1`] = `
<div id="with-hint-hint"
     class="govuk-hint"
>
  Don't include personal or financial information, eg your National Insurance number or credit card details.
</div>
<div id="with-hint-info"
     class="govuk-hint govuk-character-count__message"
>
  You can enter up to 10 characters
</div>
`;

exports[`Character count when it includes an error message renders with error message 1`] = `
<p id="exceeding-characters-error"
   class="govuk-error-message"
>
  Please do not exceed the maximum allowed limit
</p>
`;

exports[`Character count with dependant components renders with label 1`] = `
<label class="govuk-label"
       for="more-detail"
>
  Can you provide more detail?
</label>
`;
