// Jest Snapshot v1, https://goo.gl/fbAQLP

exports[`Date input nested dependant components passes through fieldset params without breaking 1`] = `
<fieldset class="govuk-fieldset"
          role="group"
          aria-describedby="dob-hint"
>
  <legend class="govuk-fieldset__legend">
    What is your date of birth?
  </legend>
</fieldset>
`;

exports[`Date input nested dependant components passes through label params without breaking 1`] = `
<label class="govuk-label govuk-date-input__label"
       for="date-input-day"
>
  Day
</label>
<label class="govuk-label govuk-date-input__label"
       for="date-input-month"
>
  Month
</label>
<label class="govuk-label govuk-date-input__label"
       for="date-input-year"
>
  Year
</label>
`;

exports[`Date input passes through html fieldset params without breaking 1`] = `
<fieldset class="govuk-fieldset"
          role="group"
>
  <legend class="govuk-fieldset__legend">
    What is your
    <b>
      date of birth
    </b>
    ?
  </legend>
</fieldset>
`;

exports[`Date input when it includes a hint renders the hint 1`] = `
<div id="dob-hint"
     class="govuk-hint"
>
  For example, 31 3 1980
</div>
`;

exports[`Date input when it includes an error message renders the error message 1`] = `
<p id="dob-errors-error"
   class="govuk-error-message"
>
  Error message goes here
</p>
`;
