// Jest Snapshot v1, https://jestjs.io/docs/snapshot-testing

exports[`Radios nested dependant components passes through fieldset params without breaking 1`] = `
<fieldset class="govuk-fieldset app-fieldset--custom-modifier"
          aria-describedby="example-fieldset-params-hint"
          data-attribute="value"
          data-second-attribute="second-value"
>
  <legend class="govuk-fieldset__legend">
    Have you changed your name?
  </legend>
</fieldset>
`;

exports[`Radios nested dependant components passes through html fieldset params without breaking 1`] = `
<fieldset class="govuk-fieldset">
  <legend class="govuk-fieldset__legend">
    Have
    <b>
      you
    </b>
    changed your name?
  </legend>
</fieldset>
`;

exports[`Radios nested dependant components passes through label params without breaking 1`] = `
<label class="govuk-label govuk-radios__label"
       data-attribute="value"
       data-second-attribute="second-value"
       for="with-label-attributes"
>
  Yes
</label>
`;

exports[`Radios when they include a hint renders the hint 1`] = `
<div id="example-multiple-hints-hint"
     class="govuk-hint"
>
  This includes changing your last name or spelling your name differently.
</div>
<div id="example-multiple-hints-item-hint"
     class="govuk-hint govuk-radios__hint"
>
  Hint for yes option here
</div>
<div id="example-multiple-hints-2-item-hint"
     class="govuk-hint govuk-radios__hint"
>
  Hint for no option here
</div>
`;

exports[`Radios when they include an error message renders the error message 1`] = `
<p id="example-error-message-error"
   class="govuk-error-message"
>
  Please select an option
</p>
`;
