// Jest Snapshot v1, https://jestjs.io/docs/snapshot-testing

exports[`Phase banner with dependant components renders the tag component classes 1`] = `
<strong class="govuk-tag govuk-phase-banner__content__tag govuk-tag--grey">
  Alpha
</strong>
`;

exports[`Phase banner with dependant components renders the tag component html 1`] = `
<strong class="govuk-tag govuk-phase-banner__content__tag">
  <em>
    Alpha
  </em>
</strong>
`;

exports[`Phase banner with dependant components renders the tag component text 1`] = `
<strong class="govuk-tag govuk-phase-banner__content__tag">
  Alpha
</strong>
`;
